


cisco3#
cisco3#terminal length 0
cisco3#terminal width 511
cisco3#
cisco3#
cisco3#
cisco3#show ip int br
Interface              IP-Address      OK? Method Status                Protocol
GigabitEthernet0/0/0   10.220.88.22    YES manual up                    up      
GigabitEthernet0/0/1   unassigned      YES NVRAM  administratively down down    
Gi0/0/1.146            unassigned      YES manual deleted               down    
Gi0/0/1.147            unassigned      YES manual deleted               down    
Gi0/0/1.148            unassigned      YES manual deleted               down    
Gi0/0/1.149            unassigned      YES TFTP   deleted               down    
Gi0/0/1.150            unassigned      YES manual deleted               down    
GigabitEthernet0/1/0   unassigned      YES unset  down                  down    
GigabitEthernet0/1/1   unassigned      YES unset  down                  down    
GigabitEthernet0/1/2   unassigned      YES unset  down                  down    
GigabitEthernet0/1/3   unassigned      YES unset  down                  down    
Vlan1                  unassigned      YES unset  up                    down    
cisco3#
cisco3#show ip aro
                 ^
% Invalid input detected at '^' marker.

cisco3#
cisco3#show ip arp
Protocol  Address          Age (min)  Hardware Addr   Type   Interface
Internet  10.220.88.1             1   0062.ec29.70fe  ARPA   GigabitEthernet0/0/0
Internet  10.220.88.22            -   a093.5141.b780  ARPA   GigabitEthernet0/0/0
Internet  10.220.88.41           16   001b.7873.5634  ARPA   GigabitEthernet0/0/0
cisco3#show ip aro
                 ^
% Invalid input detected at '^' marker.

cisco3#show ip int br
Interface              IP-Address      OK? Method Status                Protocol
GigabitEthernet0/0/0   10.220.88.22    YES manual up                    up      
GigabitEthernet0/0/1   unassigned      YES NVRAM  administratively down down    
Gi0/0/1.146            unassigned      YES manual deleted               down    
Gi0/0/1.147            unassigned      YES manual deleted               down    
Gi0/0/1.148            unassigned      YES manual deleted               down    
Gi0/0/1.149            unassigned      YES TFTP   deleted               down    
Gi0/0/1.150            unassigned      YES manual deleted               down    
GigabitEthernet0/1/0   unassigned      YES unset  down                  down    
GigabitEthernet0/1/1   unassigned      YES unset  down                  down    
GigabitEthernet0/1/2   unassigned      YES unset  down                  down    
GigabitEthernet0/1/3   unassigned      YES unset  down                  down    
Vlan1                  unassigned      YES unset  up                    down    
cisco3#show ip int br
Interface              IP-Address      OK? Method Status                Protocol
GigabitEthernet0/0/0   10.220.88.22    YES manual up                    up      
GigabitEthernet0/0/1   unassigned      YES NVRAM  administratively down down    
Gi0/0/1.146            unassigned      YES manual deleted               down    
Gi0/0/1.147            unassigned      YES manual deleted               down    
Gi0/0/1.148            unassigned      YES manual deleted               down    
Gi0/0/1.149            unassigned      YES TFTP   deleted               down    
Gi0/0/1.150            unassigned      YES manual deleted               down    
GigabitEthernet0/1/0   unassigned      YES unset  down                  down    
GigabitEthernet0/1/1   unassigned      YES unset  down                  down    
GigabitEthernet0/1/2   unassigned      YES unset  down                  down    
GigabitEthernet0/1/3   unassigned      YES unset  down                  down    
Vlan1                  unassigned      YES unset  up                    down    
cisco3#